// Jest Snapshot v1, https://goo.gl/fbAQLP

exports[`<Text /> should render regular text 1`] = `
<Text
  color="surface.text.normal.highContrast"
  fontFamily="text"
  fontSize={25}
  fontWeight="regular"
  lineHeight="m"
  style={
    Array [
      Object {
        "color": "hsla(0, 0%, 100%, 1)",
        "fontFamily": "Lato",
        "fontSize": 11,
        "fontStyle": "normal",
        "fontWeight": "400",
        "lineHeight": 18,
        "marginBottom": 16,
        "marginLeft": 0,
        "marginRight": 0,
        "marginTop": 0,
        "paddingBottom": 0,
        "paddingLeft": 0,
        "paddingRight": 0,
        "paddingTop": 0,
        "textAlign": "left",
        "textDecorationLine": "none",
      },
    ]
  }
>
  Displaying some text
</Text>
`;
