// Jest Snapshot v1, https://goo.gl/fbAQLP

exports[`<Text /> should render regular text 1`] = `
.c0 {
  color: hsla(0,0%,100%,1);
  font-family: Lato,-apple-system,BlinkMacSystemFont,"Segoe UI",Roboto,Helvetica,sans-serif,"Apple Color Emoji","Segoe UI Emoji","Segoe UI Symbol";
  font-size: 0.625rem;
  font-weight: 400;
  font-style: normal;
  -webkit-text-decoration-line: none;
  text-decoration-line: none;
  line-height: 1rem;
  text-align: left;
  margin: 0;
  padding: 0;
  margin-bottom: 16px;
}

<div>
  <div
    class="c0"
    color="surface.text.normal.highContrast"
    font-family="text"
    font-size="25"
    font-weight="regular"
  >
    Displaying some text
  </div>
</div>
`;
